Warning: transformation to the convenctional unit cell will not be calculated, nor its validity checked (if given). See the description of flag -searchcell on:
irrep --help
Warning: -kpnames not specified. Only traces of symmetry operations will be calculated. Remember that -kpnames must be specified to identify irreps
Reading POSCAR: /cmt2/lniu6305/H-Beryllene_20250718/9.0_topology/b-Beryllene_p3m1/trim/POSCAR
Taking 3x3 identity matrix as refUC and shiftUC=(0,0,0). If you want to calculate the transformation to conventional cell, run IrRep with -searchcell
Efermi: 0.0000 eV
WAVECAR contains 4 k-points and 28 bands.
Saving 4 bands starting from 1 in the output
Energy cutoff in WAVECAR : 600.0
Energy cutoff reduced to : 600.0


 ---------- CRYSTAL STRUCTURE ---------- 


Cell vectors in angstroms:

      Vectors of DFT cell       |      Vectors of REF. cell      
a0 =  1.8764   1.0834   0.0000  |  a0 =  1.8764  -1.8764   0.0000
a1 = -1.8764   1.0834   0.0000  |  a1 =  1.0834   1.0834   0.0000
a2 =  0.0000   0.0000  40.0000  |  a2 =  0.0000   0.0000  40.0000

Atomic positions in direct coordinates:

Atom type |   Position in DFT cell    |   Position in REF cell   
    1     |  0.3333   0.6667   0.1239 |  0.3333   0.6667   0.1239
    1     |  0.6667   0.3333   0.0761 |  0.6667   0.3333   0.0761


 ---------- SPACE GROUP ----------- 


Space group: P-3m1 (# 164)
Number of unitary symmetries: 12 (mod. lattice translations)

The transformation from the DFT cell to the reference cell of tables is given by: 
        |   1.0000  0.0000  0.0000 |
refUC = |   0.0000  1.0000  0.0000 |    shiftUC = [0. 0. 0.]
        |   0.0000  0.0000  1.0000 |


 ### 1 

rotation : |  1   0   0 |
           |  0   1   0 |
           |  0   0   1 |


 gk = [kx, ky, kz]

spinor rot.         : | 1.000+0.000j  0.000+0.000j |
                      | 0.000+0.000j  1.000+0.000j |

translation         :  [   0.0000   0.0000   0.0000 ] 

axis: [0. 0. 1.] ; angle =  0 , inversion : False, time reversal: False

 ### 2 

rotation : | -1   0   0 |
           |  0  -1   0 |
           |  0   0  -1 |


 gk = [-kx, -ky, -kz]

spinor rot.         : | 1.000+0.000j  0.000+0.000j |
                      | 0.000+0.000j  1.000+0.000j |

translation         :  [   0.0000   0.0000   0.2000 ] 

axis: [0. 0. 1.] ; angle =  0 , inversion : True, time reversal: False

 ### 3 

rotation : |  0  -1   0 |
           |  1  -1   0 |
           |  0   0   1 |


 gk = [-kx-ky, kx, kz]

spinor rot.         : | 0.500-0.866j  0.000+0.000j |
                      | 0.000+0.000j  0.500+0.866j |

translation         :  [   0.0000   0.0000   0.0000 ] 

axis: [0. 0. 1.] ; angle = 2/3 pi, inversion : False, time reversal: False

 ### 4 

rotation : |  0   1   0 |
           | -1   1   0 |
           |  0   0  -1 |


 gk = [kx+ky, -kx, -kz]

spinor rot.         : | 0.500-0.866j  0.000+0.000j |
                      | 0.000+0.000j  0.500+0.866j |

translation         :  [   0.0000   0.0000   0.2000 ] 

axis: [0. 0. 1.] ; angle = 2/3 pi, inversion : True, time reversal: False

 ### 5 

rotation : | -1   1   0 |
           | -1   0   0 |
           |  0   0   1 |


 gk = [ky, -kx-ky, kz]

spinor rot.         : | 0.500+0.866j  0.000+0.000j |
                      | 0.000+0.000j  0.500-0.866j |

translation         :  [   0.0000   0.0000   0.0000 ] 

axis: [0. 0. 1.] ; angle = -2/3 pi, inversion : False, time reversal: False

 ### 6 

rotation : |  1  -1   0 |
           |  1   0   0 |
           |  0   0  -1 |


 gk = [-ky, kx+ky, -kz]

spinor rot.         : | 0.500+0.866j  0.000+0.000j |
                      | 0.000+0.000j  0.500-0.866j |

translation         :  [   0.0000   0.0000   0.2000 ] 

axis: [0. 0. 1.] ; angle = -2/3 pi, inversion : True, time reversal: False

 ### 7 

rotation : |  0   1   0 |
           |  1   0   0 |
           |  0   0  -1 |


 gk = [ky, kx, -kz]

spinor rot.         : | 0.000+0.000j  1.000-0.000j |
                      |-1.000-0.000j  0.000-0.000j |

translation         :  [   0.0000   0.0000   0.2000 ] 

axis: [ 0. -1.  0.] ; angle = 1 pi, inversion : False, time reversal: False

 ### 8 

rotation : |  0  -1   0 |
           | -1   0   0 |
           |  0   0   1 |


 gk = [-ky, -kx, kz]

spinor rot.         : | 0.000+0.000j -1.000+0.000j |
                      | 1.000+0.000j  0.000-0.000j |

translation         :  [   0.0000   0.0000   0.0000 ] 

axis: [-0.  1.  0.] ; angle = 1 pi, inversion : True, time reversal: False

 ### 9 

rotation : |  1  -1   0 |
           |  0  -1   0 |
           |  0   0  -1 |


 gk = [kx, -kx-ky, -kz]

spinor rot.         : | 0.000+0.000j -0.500-0.866j |
                      | 0.500-0.866j  0.000-0.000j |

translation         :  [   0.0000   0.0000   0.2000 ] 

axis: [0.866025 0.5      0.      ] ; angle = 1 pi, inversion : False, time reversal: False

 ### 10 

rotation : | -1   1   0 |
           |  0   1   0 |
           |  0   0   1 |


 gk = [-kx, kx+ky, kz]

spinor rot.         : | 0.000+0.000j  0.500+0.866j |
                      |-0.500+0.866j  0.000-0.000j |

translation         :  [   0.0000   0.0000   0.0000 ] 

axis: [-0.866025 -0.5       0.      ] ; angle = 1 pi, inversion : True, time reversal: False

 ### 11 

rotation : | -1   0   0 |
           | -1   1   0 |
           |  0   0  -1 |


 gk = [-kx-ky, ky, -kz]

spinor rot.         : | 0.000+0.000j  0.500-0.866j |
                      |-0.500-0.866j  0.000+0.000j |

translation         :  [   0.0000   0.0000   0.2000 ] 

axis: [ 0.866025 -0.5       0.      ] ; angle = 1 pi, inversion : False, time reversal: False

 ### 12 

rotation : |  1   0   0 |
           |  1  -1   0 |
           |  0   0   1 |


 gk = [kx+ky, -ky, kz]

spinor rot.         : | 0.000+0.000j -0.500+0.866j |
                      | 0.500+0.866j  0.000+0.000j |

translation         :  [   0.0000   0.0000   0.0000 ] 

axis: [-0.866025  0.5       0.      ] ; angle = 1 pi, inversion : True, time reversal: False


 k-point   1 : [ 0.00000  0.00000  0.00000 ] (in DFT cell)
               [ 0.00000  0.00000  0.00000 ] (after cell trasformation)

 number of states : 4

   Energy  |   degeneracy  |  irreps  | sym. operations  
           |               |          |    1        2        3        4        5        6        7        8        9       10       11       12    
 -13.0804  |        2      |   None   |   2.0000   2.0000   1.0000   1.0000   1.0000   1.0000   0.0000   0.0000  -0.0000   0.0000   0.0000   0.0000
           |               |          |   2.0000   2.0000   1.0000   1.0000   1.0000   1.0000   0.0000   0.0000  -0.0000   0.0000   0.0000   0.0000
  -8.8015  |        2      |   None   |   2.0000  -2.0000   1.0000  -1.0000   1.0000  -1.0000   0.0000   0.0000   0.0000  -0.0000  -0.0000  -0.0000
           |               |          |   2.0000  -2.0000   1.0000  -1.0000   1.0000  -1.0000   0.0000   0.0000   0.0000  -0.0000  -0.0000  -0.0000

Invariant under inversion: No
Gap with upper bands:  2.808806068384632


 k-point   2 : [ 0.50000  0.00000  0.00000 ] (in DFT cell)
               [ 0.50000  0.00000  0.00000 ] (after cell trasformation)

 number of states : 4

   Energy  |   degeneracy  |  irreps  | sym. operations  
           |               |          |    1        2       11       12    
  -6.4842  |        2      |   None   |   2.0000   2.0000  -0.0000  -0.0000
           |               |          |   2.0000   2.0000  -0.0000  -0.0000
  -5.2235  |        2      |   None   |   2.0000  -2.0000  -0.0000  -0.0000
           |               |          |   2.0000  -2.0000  -0.0000  -0.0000

Invariant under inversion: No
Gap with upper bands:  5.55071465687719


 k-point   3 : [ 0.00000  0.50000  0.00000 ] (in DFT cell)
               [ 0.00000  0.50000  0.00000 ] (after cell trasformation)

 number of states : 4

   Energy  |   degeneracy  |  irreps  | sym. operations  
           |               |          |    1        2        9       10    
  -6.4842  |        2      |   None   |   2.0000   2.0000   0.0000  -0.0000
           |               |          |   2.0000   2.0000   0.0000  -0.0000
  -5.2235  |        2      |   None   |   2.0000  -2.0000   0.0000   0.0000
           |               |          |   2.0000  -2.0000   0.0000   0.0000

Invariant under inversion: No
Gap with upper bands:  5.550714655871737


 k-point   4 : [ 0.50000  0.50000  0.00000 ] (in DFT cell)
               [ 0.50000  0.50000  0.00000 ] (after cell trasformation)

 number of states : 4

   Energy  |   degeneracy  |  irreps  | sym. operations  
           |               |          |    1        2        7        8    
  -6.4842  |        2      |   None   |   2.0000   2.0000  -0.0000   0.0000
           |               |          |   2.0000   2.0000  -0.0000   0.0000
  -5.2235  |        2      |   None   |   2.0000  -2.0000   0.0000   0.0000
           |               |          |   2.0000  -2.0000   0.0000   0.0000

Invariant under inversion: No
Gap with upper bands:  5.550714474011587

TOTAL number of inversions-odd Kramers pairs : 0
Z2 invariant: 0
Z4 invariant: 0
Indirect gap: -0.769199535084768
Smallest direct gap in the given set of k-points: 2.808806068384632
