Warning: transformation to the convenctional unit cell will not be calculated, nor its validity checked (if given). See the description of flag -searchcell on:
irrep --help
Warning: -kpnames not specified. Only traces of symmetry operations will be calculated. Remember that -kpnames must be specified to identify irreps
Reading POSCAR: /cmt2/lniu6305/H-Beryllene_20250718/9.0_topology/b-Beryllene_bb/trim/POSCAR
Taking 3x3 identity matrix as refUC and shiftUC=(0,0,0). If you want to calculate the transformation to conventional cell, run IrRep with -searchcell
Efermi: 0.0000 eV
WAVECAR contains 4 k-points and 28 bands.
Saving 6 bands starting from 1 in the output
Energy cutoff in WAVECAR : 600.0
Energy cutoff reduced to : 600.0


 ---------- CRYSTAL STRUCTURE ---------- 


Cell vectors in angstroms:

      Vectors of DFT cell       |      Vectors of REF. cell      
a0 =  2.3837   1.0282   0.0000  |  a0 =  2.3837  -2.3731   0.0000
a1 = -2.3731   1.0537   0.0000  |  a1 =  1.0282   1.0537   0.0000
a2 =  0.0000   0.0000  40.0000  |  a2 =  0.0000   0.0000  40.0000

Atomic positions in direct coordinates:

Atom type |   Position in DFT cell    |   Position in REF cell   
    1     |  0.1424   0.3577   0.1223 |  0.1424   0.3577   0.1223
    1     |  0.8576   0.6423   0.0777 |  0.8576   0.6423   0.0777
    2     |  0.6337   0.8665   0.1474 |  0.6337   0.8665   0.1474
    2     |  0.3663   0.1335   0.0526 |  0.3663   0.1335   0.0526


 ---------- SPACE GROUP ----------- 


Space group: P-1 (# 2)
Number of unitary symmetries: 2 (mod. lattice translations)

The transformation from the DFT cell to the reference cell of tables is given by: 
        |   1.0000  0.0000  0.0000 |
refUC = |   0.0000  1.0000  0.0000 |    shiftUC = [0. 0. 0.]
        |   0.0000  0.0000  1.0000 |


 ### 1 

rotation : |  1   0   0 |
           |  0   1   0 |
           |  0   0   1 |


 gk = [kx, ky, kz]

spinor rot.         : | 1.000+0.000j  0.000+0.000j |
                      | 0.000+0.000j  1.000+0.000j |

translation         :  [   0.0000   0.0000   0.0000 ] 

axis: [0. 0. 1.] ; angle =  0 , inversion : False, time reversal: False

 ### 2 

rotation : | -1   0   0 |
           |  0  -1   0 |
           |  0   0  -1 |


 gk = [-kx, -ky, -kz]

spinor rot.         : | 1.000+0.000j  0.000+0.000j |
                      | 0.000+0.000j  1.000+0.000j |

translation         :  [   0.0000   0.0000   0.2000 ] 

axis: [0. 0. 1.] ; angle =  0 , inversion : True, time reversal: False


 k-point   1 : [ 0.00000  0.00000  0.00000 ] (in DFT cell)
               [ 0.00000  0.00000  0.00000 ] (after cell trasformation)

 number of states : 6

   Energy  |   degeneracy  |  irreps  | sym. operations  
           |               |          |    1        2    
 -13.6501  |        2      |   None   |   2.0001   2.0001
           |               |          |   2.0001   2.0001
 -12.1613  |        2      |   None   |   2.0001  -2.0001
           |               |          |   2.0001  -2.0001
  -8.9462  |        2      |   None   |   2.0000   2.0000
           |               |          |   2.0000   2.0000

Invariant under inversion: No
Gap with upper bands:  8.368357733711377


 k-point   2 : [ 0.50000  0.00000  0.00000 ] (in DFT cell)
               [ 0.50000  0.00000  0.00000 ] (after cell trasformation)

 number of states : 6

   Energy  |   degeneracy  |  irreps  | sym. operations  
           |               |          |    1        2    
  -8.3018  |        2      |   None   |   2.0000  -2.0000
           |               |          |   2.0000  -2.0000
  -7.4018  |        2      |   None   |   2.0000   2.0000
           |               |          |   2.0000   2.0000
  -1.5526  |        2      |   None   |   2.0001   2.0001
           |               |          |   2.0001   2.0001

Invariant under inversion: No
Gap with upper bands:  1.2973139315132853


 k-point   3 : [ 0.00000  0.50000  0.00000 ] (in DFT cell)
               [ 0.00000  0.50000  0.00000 ] (after cell trasformation)

 number of states : 6

   Energy  |   degeneracy  |  irreps  | sym. operations  
           |               |          |    1        2    
  -8.3042  |        2      |   None   |   2.0000   2.0000
           |               |          |   2.0000   2.0000
  -7.4032  |        2      |   None   |   2.0000  -2.0000
           |               |          |   2.0000  -2.0000
  -1.5569  |        2      |   None   |   2.0001  -2.0001
           |               |          |   2.0001  -2.0001

Invariant under inversion: No
Gap with upper bands:  1.3007762618478995


 k-point   4 : [ 0.50000  0.50000  0.00000 ] (in DFT cell)
               [ 0.50000  0.50000  0.00000 ] (after cell trasformation)

 number of states : 6

   Energy  |   degeneracy  |  irreps  | sym. operations  
           |               |          |    1        2    
  -8.8996  |        2      |   None   |   2.0001  -2.0001
           |               |          |   2.0001  -2.0001
  -8.8431  |        2      |   None   |   2.0001   2.0001
           |               |          |   2.0001   2.0001
  -7.2955  |        2      |   None   |   2.0001  -2.0001
           |               |          |   2.0001  -2.0001

Invariant under inversion: No
Gap with upper bands:  0.177095927455877

TOTAL number of inversions-odd Kramers pairs : 0
Z2 invariant: 0
Z4 invariant: 0
Indirect gap: -5.56587312782749
Smallest direct gap in the given set of k-points: 0.177095927455877
