        _
  _ __ | |__   ___  _ __   ___   _ __  _   _
 | '_ \| '_ \ / _ \| '_ \ / _ \ | '_ \| | | |
 | |_) | | | | (_) | | | | (_) || |_) | |_| |
 | .__/|_| |_|\___/|_| |_|\___(_) .__/ \__, |
 |_|                            |_|    |___/
                                      2.43.1

-------------------------[time 2026-10-01 19:11:22]-------------------------
Compiled with OpenMP support (max 24 threads).
Python version 3.9.25
Spglib version 2.6.0

Crystal structure was read from "POSCAR".
Unit of length: angstrom
Displacements creation mode
  Systematic displacements
  Plus Minus displacement: full plus minus directions
Settings:
  Symmetry tolerance: 1.00e-03
  Supercell: [5 5 1]
Spacegroup: P-3m1 (164)
Number of symmetry operations in supercell: 300
Use -v option to watch primitive cell, unit cell, and supercell structures.

Generated number of supercells: 2
"phonopy_disp.yaml" and supercells have been created.

Summary of calculation was written in "phonopy_disp.yaml".
-------------------------[time 2026-10-01 19:11:22]-------------------------
                 _
   ___ _ __   __| |
  / _ \ '_ \ / _` |
 |  __/ | | | (_| |
  \___|_| |_|\__,_|

