HB_EXISTING_KERNEL_RELOAD_VERIFIED
HB_DRAW_CELL 7
HB_SAVED topology_bands_pristine.pdf {'lines': 105, 'maps': 0, 'whiskers': 0} clip []
HB_SAVED topology_bands_pristine_thesis.pdf {'lines': 105, 'maps': 0, 'whiskers': 0} clip []
HB_DRAW_CELL 8
HB_SAVED topology_bands_hydrogenated.pdf {'lines': 107, 'maps': 0, 'whiskers': 0} clip []
HB_SAVED topology_bands_hydrogenated_thesis.pdf {'lines': 107, 'maps': 0, 'whiskers': 0} clip []
HB_DRAW_CELL 12
HB_SAVED topology_direct-gap_pristine.pdf {'lines': 15, 'maps': 3, 'whiskers': 0} clip []
HB_SAVED topology_direct-gap_pristine_thesis.pdf {'lines': 15, 'maps': 3, 'whiskers': 0} clip []
HB_DRAW_CELL 13
HB_SAVED topology_direct-gap_hydrogenated.pdf {'lines': 20, 'maps': 4, 'whiskers': 0} clip []
HB_SAVED topology_direct-gap_hydrogenated_thesis.pdf {'lines': 20, 'maps': 4, 'whiskers': 0} clip []
HB_DRAW_CELL 16
HB_SAVED topology_gap-zoom.pdf {'lines': 6, 'maps': 0, 'whiskers': 3} clip []
HB_SAVED topology_gap-zoom_thesis.pdf {'lines': 6, 'maps': 0, 'whiskers': 3} clip []
HB_DRAW_CELL 19
HB_SAVED topology_wcc_1H-beta-beryllene.pdf {'lines': 46, 'maps': 0, 'whiskers': 0} clip []
HB_SAVED topology_wcc_1H-beta-beryllene_thesis.pdf {'lines': 46, 'maps': 0, 'whiskers': 0} clip []
HB_ALL_PAIRS_MATCH 12 PDFs 5.5 seconds
