  % Total    % Received % Xferd  Average Speed   Time    Time     Time  Current
                                 Dload  Upload   Total   Spent    Left  Speed
  0     0    0     0    0     0      0      0 --:--:-- --:--:-- --:--:--     0  0     0    0     0    0     0      0      0 --:--:-- --:--:-- --:--:--     0
  0     0    0     0    0     0      0      0 --:--:-- --:--:-- --:--:--     0100 17.4M    0 17.4M    0     0  11.8M      0 --:--:--  0:00:01 --:--:-- 18.6M100 33.1M    0 33.1M    0     0  13.2M      0 --:--:--  0:00:02 --:--:-- 16.9M100 40.0M    0 40.0M    0     0  11.5M      0 --:--:--  0:00:03 --:--:-- 13.6M100 56.6M    0 56.6M    0     0  12.6M      0 --:--:--  0:00:04 --:--:-- 14.4M100 79.2M    0 79.2M    0     0  14.4M      0 --:--:--  0:00:05 --:--:-- 16.0M100 86.5M    0 86.5M    0     0  13.3M      0 --:--:--  0:00:06 --:--:-- 13.7M100 96.5M    0 96.5M    0     0  12.9M      0 --:--:--  0:00:07 --:--:-- 12.7M
Requirement already satisfied: pip<26 in ./venv/lib/python3.9/site-packages (21.3.1)
Requirement already satisfied: setuptools<81 in ./venv/lib/python3.9/site-packages (53.0.0)
Collecting wheel
  Downloading wheel-0.48.0-py3-none-any.whl (33 kB)
Collecting packaging>=24.0
  Downloading packaging-26.3-py3-none-any.whl (129 kB)
Installing collected packages: packaging, wheel
Successfully installed packaging-26.3 wheel-0.48.0
WARNING: You are using pip version 21.3.1; however, version 26.0.1 is available.
You should consider upgrading via the '/cmt2/lniu6305/Packages/soc_topology_20260922_1435/venv/bin/python -m pip install --upgrade pip' command.
Collecting numpy==1.26.4
  Downloading numpy-1.26.4-cp39-cp39-manylinux_2_17_x86_64.manylinux2014_x86_64.whl (18.2 MB)
Collecting scipy==1.13.1
  Using cached scipy-1.13.1-cp39-cp39-manylinux_2_17_x86_64.manylinux2014_x86_64.whl (38.6 MB)
Collecting spglib==2.5.0
  Downloading spglib-2.5.0-cp39-cp39-manylinux_2_17_x86_64.manylinux2014_x86_64.whl (1.1 MB)
Collecting irreptables==2.0.0
  Downloading irreptables-2.0.0-py3-none-any.whl (2.3 MB)
Collecting irrep==2.1.3
  Downloading irrep-2.1.3-py3-none-any.whl (3.2 MB)
Collecting z2pack==2.2.1
  Downloading z2pack-2.2.1-py3-none-any.whl (59 kB)
Collecting importlib-resources
  Using cached importlib_resources-6.5.2-py3-none-any.whl (37 kB)
Collecting typing-extensions
  Downloading typing_extensions-4.16.0-py3-none-any.whl (45 kB)
Collecting Click
  Downloading click-8.1.8-py3-none-any.whl (98 kB)
Collecting monty
  Downloading monty-2025.3.3-py3-none-any.whl (51 kB)
Collecting ruamel.yaml
  Downloading ruamel_yaml-0.19.1-py3-none-any.whl (118 kB)
Collecting h5py
  Using cached h5py-3.14.0-cp39-cp39-manylinux_2_17_x86_64.manylinux2014_x86_64.whl (4.6 MB)
Collecting fortio
  Downloading fortio-0.4-py3-none-any.whl (12 kB)
Requirement already satisfied: packaging in ./venv/lib/python3.9/site-packages (from irrep==2.1.3) (26.3)
Collecting sortedcontainers>=2.4.0
  Downloading sortedcontainers-2.4.0-py2.py3-none-any.whl (29 kB)
Collecting fsc.iohelper>=1.0.3
  Downloading fsc.iohelper-1.0.3-py3-none-any.whl (6.2 kB)
Collecting fsc.locker>=1.1.0
  Downloading fsc.locker-1.1.0.tar.gz (3.4 kB)
  Preparing metadata (setup.py): started
  Preparing metadata (setup.py): finished with status 'done'
Collecting blessings>=1.7
  Downloading blessings-1.7-py3-none-any.whl (18 kB)
Collecting msgpack>=1.0
  Downloading msgpack-1.1.2-cp39-cp39-manylinux2014_x86_64.manylinux_2_17_x86_64.manylinux_2_28_x86_64.whl (404 kB)
Collecting fsc.formatting>=1.0.0
  Downloading fsc.formatting-1.0.0.tar.gz (3.7 kB)
  Preparing metadata (setup.py): started
  Preparing metadata (setup.py): finished with status 'done'
Collecting decorator>=5.0
  Downloading decorator-5.3.1-py3-none-any.whl (10 kB)
Collecting six
  Using cached six-1.17.0-py2.py3-none-any.whl (11 kB)
Collecting fsc.export
  Downloading fsc.export-1.2.0.tar.gz (2.7 kB)
  Preparing metadata (setup.py): started
  Preparing metadata (setup.py): finished with status 'done'
Collecting zipp>=3.1.0
  Downloading zipp-3.23.1-py3-none-any.whl (10 kB)
Building wheels for collected packages: fsc.formatting, fsc.locker, fsc.export
  Building wheel for fsc.formatting (setup.py): started
  Building wheel for fsc.formatting (setup.py): finished with status 'done'
  Created wheel for fsc.formatting: filename=fsc.formatting-1.0.0-py3-none-any.whl size=4412 sha256=8e2e20c15069e527fd5897c1b523adcbe3ff217c95b5104b10517d49057f6f59
  Stored in directory: /suphys/lniu6305/.cache/pip/wheels/d3/a8/2b/6822d922134822a712977a1ab71df94641aa20c304aadad3fe
  Building wheel for fsc.locker (setup.py): started
  Building wheel for fsc.locker (setup.py): finished with status 'done'
  Created wheel for fsc.locker: filename=fsc.locker-1.1.0-py3-none-any.whl size=4246 sha256=d45f952bb0cc80bcde9485469c0edc17d0e72cb3b1e592a375eec587b7e61178
  Stored in directory: /suphys/lniu6305/.cache/pip/wheels/1f/c6/c7/6cda1c0a62044049e58ef97d4d6da8cc3d5e9994ac3ba16c60
  Building wheel for fsc.export (setup.py): started
  Building wheel for fsc.export (setup.py): finished with status 'done'
  Created wheel for fsc.export: filename=fsc.export-1.2.0-py3-none-any.whl size=3434 sha256=2a1900786bfb2f935c552c583c0732e89fab016d5199a6c95650938af522f6dc
  Stored in directory: /suphys/lniu6305/.cache/pip/wheels/8e/48/eb/da388cdf50e1bd77e892d40b34e6df0dfc62658bf59d0de515
Successfully built fsc.formatting fsc.locker fsc.export
Installing collected packages: zipp, typing-extensions, numpy, importlib-resources, spglib, six, scipy, ruamel.yaml, msgpack, fsc.export, decorator, Click, sortedcontainers, monty, irreptables, h5py, fsc.locker, fsc.iohelper, fsc.formatting, fortio, blessings, z2pack, irrep
Successfully installed Click-8.1.8 blessings-1.7 decorator-5.3.1 fortio-0.4 fsc.export-1.2.0 fsc.formatting-1.0.0 fsc.iohelper-1.0.3 fsc.locker-1.1.0 h5py-3.14.0 importlib-resources-6.5.2 irrep-2.1.3 irreptables-2.0.0 monty-2025.3.3 msgpack-1.1.2 numpy-1.26.4 ruamel.yaml-0.19.1 scipy-1.13.1 six-1.17.0 sortedcontainers-2.4.0 spglib-2.5.0 typing-extensions-4.16.0 z2pack-2.2.1 zipp-3.23.1
WARNING: You are using pip version 21.3.1; however, version 26.0.1 is available.
You should consider upgrading via the '/cmt2/lniu6305/Packages/soc_topology_20260922_1435/venv/bin/python -m pip install --upgrade pip' command.
No broken requirements found.
Python packages import successfully
