Warning: transformation to the convenctional unit cell will not be calculated, nor its validity checked (if given). See the description of flag -searchcell on:
irrep --help
Warning: -kpnames not specified. Only traces of symmetry operations will be calculated. Remember that -kpnames must be specified to identify irreps
Reading POSCAR: /cmt2/lniu6305/H-Beryllene_20250718/9.0_topology/a-Beryllene_hh/trim/POSCAR
Taking 3x3 identity matrix as refUC and shiftUC=(0,0,0). If you want to calculate the transformation to conventional cell, run IrRep with -searchcell
Efermi: 0.0000 eV
WAVECAR contains 4 k-points and 28 bands.
Saving 4 bands starting from 1 in the output
Energy cutoff in WAVECAR : 600.0
Energy cutoff reduced to : 600.0


 ---------- CRYSTAL STRUCTURE ---------- 


Cell vectors in angstroms:

      Vectors of DFT cell       |      Vectors of REF. cell      
a0 =  2.0109   1.1610   0.0000  |  a0 =  2.0109  -2.0109   0.0000
a1 = -2.0109   1.1610   0.0000  |  a1 =  1.1610   1.1610   0.0000
a2 =  0.0000   0.0000  40.0000  |  a2 =  0.0000   0.0000  40.0000

Atomic positions in direct coordinates:

Atom type |   Position in DFT cell    |   Position in REF cell   
    1     |  0.0000   0.0000   0.1000 |  0.0000   0.0000   0.1000
    2     |  0.6667   0.3333   0.0782 |  0.6667   0.3333   0.0782
    2     |  0.3333   0.6667   0.1218 |  0.3333   0.6667   0.1218


 ---------- SPACE GROUP ----------- 


Space group: C2/m (# 12)
Number of unitary symmetries: 4 (mod. lattice translations)

The transformation from the DFT cell to the reference cell of tables is given by: 
        |   1.0000  0.0000  0.0000 |
refUC = |   0.0000  1.0000  0.0000 |    shiftUC = [0. 0. 0.]
        |   0.0000  0.0000  1.0000 |


 ### 1 

rotation : |  1   0   0 |
           |  0   1   0 |
           |  0   0   1 |


 gk = [kx, ky, kz]

spinor rot.         : | 1.000+0.000j  0.000+0.000j |
                      | 0.000+0.000j  1.000+0.000j |

translation         :  [   0.0000   0.0000   0.0000 ] 

axis: [0. 0. 1.] ; angle =  0 , inversion : False, time reversal: False

 ### 2 

rotation : | -1   0   0 |
           |  0  -1   0 |
           |  0   0  -1 |


 gk = [-kx, -ky, -kz]

spinor rot.         : | 1.000+0.000j  0.000+0.000j |
                      | 0.000+0.000j  1.000+0.000j |

translation         :  [   0.0000   0.0000   0.2000 ] 

axis: [0. 0. 1.] ; angle =  0 , inversion : True, time reversal: False

 ### 3 

rotation : |  0   1   0 |
           |  1   0   0 |
           |  0   0  -1 |


 gk = [ky, kx, -kz]

spinor rot.         : | 0.000+0.000j -1.000+0.000j |
                      | 1.000+0.000j  0.000+0.000j |

translation         :  [   0.0000   0.0000   0.2000 ] 

axis: [-0.  1.  0.] ; angle = 1 pi, inversion : False, time reversal: False

 ### 4 

rotation : |  0  -1   0 |
           | -1   0   0 |
           |  0   0   1 |


 gk = [-ky, -kx, kz]

spinor rot.         : | 0.000+0.000j -1.000+0.000j |
                      | 1.000+0.000j  0.000+0.000j |

translation         :  [   0.0000   0.0000   0.0000 ] 

axis: [-0.  1.  0.] ; angle = 1 pi, inversion : True, time reversal: False


 k-point   1 : [ 0.00000  0.00000  0.00000 ] (in DFT cell)
               [ 0.00000  0.00000  0.00000 ] (after cell trasformation)

 number of states : 4

   Energy  |   degeneracy  |  irreps  | sym. operations  
           |               |          |    1        2        3        4    
 -14.9772  |        2      |   None   |   2.0001   2.0001  -0.0000   0.0000
           |               |          |   2.0001   2.0001  -0.0000   0.0000
 -10.4759  |        2      |   None   |   2.0000  -2.0000  -0.0000   0.0000
           |               |          |   2.0000  -2.0000  -0.0000   0.0000

Invariant under inversion: No
Gap with upper bands:  9.790078826878773


 k-point   2 : [ 0.50000  0.00000  0.00000 ] (in DFT cell)
               [ 0.50000  0.00000  0.00000 ] (after cell trasformation)

 number of states : 4

   Energy  |   degeneracy  |  irreps  | sym. operations  
           |               |          |    1        2    
 -10.0918  |        2      |   None   |   2.0001  -2.0001
           |               |          |   2.0001  -2.0001
  -6.0026  |        2      |   None   |   2.0001   2.0001
           |               |          |   2.0001   2.0001

Invariant under inversion: No
Gap with upper bands:  5.644731413525702


 k-point   3 : [ 0.00000  0.50000  0.00000 ] (in DFT cell)
               [ 0.00000  0.50000  0.00000 ] (after cell trasformation)

 number of states : 4

   Energy  |   degeneracy  |  irreps  | sym. operations  
           |               |          |    1        2    
 -10.0918  |        2      |   None   |   2.0001  -2.0001
           |               |          |   2.0001  -2.0001
  -6.0026  |        2      |   None   |   2.0001   2.0001
           |               |          |   2.0001   2.0001

Invariant under inversion: No
Gap with upper bands:  5.644731413494975


 k-point   4 : [ 0.50000  0.50000  0.00000 ] (in DFT cell)
               [ 0.50000  0.50000  0.00000 ] (after cell trasformation)

 number of states : 4

   Energy  |   degeneracy  |  irreps  | sym. operations  
           |               |          |    1        2        3        4    
 -10.0916  |        2      |   None   |   2.0000  -2.0000   0.0000   0.0000
           |               |          |   2.0000  -2.0000   0.0000   0.0000
  -6.0027  |        2      |   None   |   2.0001   2.0001   0.0000   0.0000
           |               |          |   2.0001   2.0001   0.0000   0.0000

Invariant under inversion: No
Gap with upper bands:  5.644768774654319

TOTAL number of inversions-odd Kramers pairs : 0
Z2 invariant: 0
Z4 invariant: 0
Indirect gap: 5.316802691746538
Smallest direct gap in the given set of k-points: 5.644731413494975
