        _
  _ __ | |__   ___  _ __   ___   _ __  _   _
 | '_ \| '_ \ / _ \| '_ \ / _ \ | '_ \| | | |
 | |_) | | | | (_) | | | | (_) || |_) | |_| |
 | .__/|_| |_|\___/|_| |_|\___(_) .__/ \__, |
 |_|                            |_|    |___/
                                      2.43.1

-------------------------[time 2026-10-02 07:14:32]-------------------------
Compiled with OpenMP support (max 24 threads).
Python version 3.9.25
Spglib version 2.6.0

Displacements were read from "phonopy_disp.yaml".
  Number of supercell files: 2
  Number of displacements in "phonopy_disp.yaml": 2
counter (file index): 1 2 
"FORCE_SETS" has been created.
-------------------------[time 2026-10-02 07:14:32]-------------------------
                 _
   ___ _ __   __| |
  / _ \ '_ \ / _` |
 |  __/ | | | (_| |
  \___|_| |_|\__,_|

