        _
  _ __ | |__   ___  _ __   ___   _ __  _   _
 | '_ \| '_ \ / _ \| '_ \ / _ \ | '_ \| | | |
 | |_) | | | | (_) | | | | (_) || |_) | |_| |
 | .__/|_| |_|\___/|_| |_|\___(_) .__/ \__, |
 |_|                            |_|    |___/
                                      2.43.1

-------------------------[time 2026-10-01 18:01:46]-------------------------
Compiled with OpenMP support (max 24 threads).
Python version 3.9.25
Spglib version 2.6.0

"band.conf" was read as phonopy configuration file.
Crystal structure was read from "POSCAR".
Unit of length: angstrom
Band structure mode
Settings:
  Supercell: [5 5 1]
Spacegroup: P-1 (2)
Number of symmetry operations in supercell: 50
Use -v option to watch primitive cell, unit cell, and supercell structures.

Displacement-force dataset was read from "FORCE_SETS".
Max drift of force constants: 0.00000249 (zy) 0.00000249 (yz) 

****************************************************************************
 The "phonopy" command for running phonon calculationswill be phased out in 
 the future. It is recommended to use the "phonopy-load" command instead.
 For more details, please refer to this link.
 https://phonopy.github.io/phonopy/phonopy-load.html
****************************************************************************
Reciprocal space paths in reduced coordinates:
[ 0.000  0.000  0.000] --> [ 0.500  0.000  0.000]
[ 0.500  0.000  0.000] --> [ 0.500  0.500  0.000]
[ 0.500  0.500  0.000] --> [ 0.000  0.000  0.000]
[ 0.000  0.000  0.000] --> [ 0.000  0.500  0.000]
[ 0.000  0.500  0.000] --> [-0.500  0.500  0.000]
[-0.500  0.500  0.000] --> [ 0.000  0.000  0.000]

Summary of calculation was written in "phonopy.yaml".
-------------------------[time 2026-10-01 18:01:47]-------------------------
                 _
   ___ _ __   __| |
  / _ \ '_ \ / _` |
 |  __/ | | | (_| |
  \___|_| |_|\__,_|

