Warning: transformation to the convenctional unit cell will not be calculated, nor its validity checked (if given). See the description of flag -searchcell on:
irrep --help
Warning: -kpnames not specified. Only traces of symmetry operations will be calculated. Remember that -kpnames must be specified to identify irreps
Reading POSCAR: /cmt2/lniu6305/H-Beryllene_20250718/9.0_topology/b-Beryllene/trim/POSCAR
Taking 3x3 identity matrix as refUC and shiftUC=(0,0,0). If you want to calculate the transformation to conventional cell, run IrRep with -searchcell
Efermi: 0.0000 eV
WAVECAR contains 4 k-points and 28 bands.
Saving 4 bands starting from 1 in the output
Energy cutoff in WAVECAR : 600.0
Energy cutoff reduced to : 600.0


 ---------- CRYSTAL STRUCTURE ---------- 


Cell vectors in angstroms:

      Vectors of DFT cell       |      Vectors of REF. cell      
a0 =  1.8626   1.0677   0.0000  |  a0 =  1.8626  -1.8862   0.0000
a1 = -1.8862   1.1056   0.0000  |  a1 =  1.0677   1.1056   0.0000
a2 =  0.0000   0.0000  40.0000  |  a2 =  0.0000   0.0000  40.0000

Atomic positions in direct coordinates:

Atom type |   Position in DFT cell    |   Position in REF cell   
    1     |  0.3468   0.6825   0.1237 |  0.3468   0.6825   0.1237
    1     |  0.6532   0.3175   0.0763 |  0.6532   0.3175   0.0763


 ---------- SPACE GROUP ----------- 


Space group: P-1 (# 2)
Number of unitary symmetries: 2 (mod. lattice translations)

The transformation from the DFT cell to the reference cell of tables is given by: 
        |   1.0000  0.0000  0.0000 |
refUC = |   0.0000  1.0000  0.0000 |    shiftUC = [0. 0. 0.]
        |   0.0000  0.0000  1.0000 |


 ### 1 

rotation : |  1   0   0 |
           |  0   1   0 |
           |  0   0   1 |


 gk = [kx, ky, kz]

spinor rot.         : | 1.000+0.000j  0.000+0.000j |
                      | 0.000+0.000j  1.000+0.000j |

translation         :  [   0.0000   0.0000   0.0000 ] 

axis: [0. 0. 1.] ; angle =  0 , inversion : False, time reversal: False

 ### 2 

rotation : | -1   0   0 |
           |  0  -1   0 |
           |  0   0  -1 |


 gk = [-kx, -ky, -kz]

spinor rot.         : | 1.000+0.000j  0.000+0.000j |
                      | 0.000+0.000j  1.000+0.000j |

translation         :  [   0.0000   0.0000   0.2000 ] 

axis: [0. 0. 1.] ; angle =  0 , inversion : True, time reversal: False


 k-point   1 : [ 0.00000  0.00000  0.00000 ] (in DFT cell)
               [ 0.00000  0.00000  0.00000 ] (after cell trasformation)

 number of states : 4

   Energy  |   degeneracy  |  irreps  | sym. operations  
           |               |          |    1        2    
 -13.1047  |        2      |   None   |   2.0000   2.0000
           |               |          |   2.0000   2.0000
  -8.7865  |        2      |   None   |   2.0000  -2.0000
           |               |          |   2.0000  -2.0000

Invariant under inversion: No
Gap with upper bands:  2.8095080107654002


 k-point   2 : [ 0.50000  0.00000  0.00000 ] (in DFT cell)
               [ 0.50000  0.00000  0.00000 ] (after cell trasformation)

 number of states : 4

   Energy  |   degeneracy  |  irreps  | sym. operations  
           |               |          |    1        2    
  -6.4780  |        2      |   None   |   2.0000   2.0000
           |               |          |   2.0000   2.0000
  -4.9825  |        2      |   None   |   2.0000  -2.0000
           |               |          |   2.0000  -2.0000

Invariant under inversion: No
Gap with upper bands:  5.236952043720362


 k-point   3 : [ 0.00000  0.50000  0.00000 ] (in DFT cell)
               [ 0.00000  0.50000  0.00000 ] (after cell trasformation)

 number of states : 4

   Energy  |   degeneracy  |  irreps  | sym. operations  
           |               |          |    1        2    
  -6.5693  |        2      |   None   |   2.0000   2.0000
           |               |          |   2.0000   2.0000
  -5.5515  |        2      |   None   |   2.0000  -2.0000
           |               |          |   2.0000  -2.0000

Invariant under inversion: No
Gap with upper bands:  5.946219923449179


 k-point   4 : [ 0.50000  0.50000  0.00000 ] (in DFT cell)
               [ 0.50000  0.50000  0.00000 ] (after cell trasformation)

 number of states : 4

   Energy  |   degeneracy  |  irreps  | sym. operations  
           |               |          |    1        2    
  -6.5046  |        2      |   None   |   2.0000   2.0000
           |               |          |   2.0000   2.0000
  -5.1915  |        2      |   None   |   2.0000  -2.0000
           |               |          |   2.0000  -2.0000

Invariant under inversion: No
Gap with upper bands:  5.524802550778156

TOTAL number of inversions-odd Kramers pairs : 0
Z2 invariant: 0
Z4 invariant: 0
Indirect gap: -0.9945041506305721
Smallest direct gap in the given set of k-points: 2.8095080107654002
