Warning: transformation to the convenctional unit cell will not be calculated, nor its validity checked (if given). See the description of flag -searchcell on:
irrep --help
Warning: -kpnames not specified. Only traces of symmetry operations will be calculated. Remember that -kpnames must be specified to identify irreps
Reading POSCAR: /cmt2/lniu6305/H-Beryllene_20250718/9.0_topology/c-Beryllene_trilayer/trim/POSCAR
Taking 3x3 identity matrix as refUC and shiftUC=(0,0,0). If you want to calculate the transformation to conventional cell, run IrRep with -searchcell
Efermi: 0.0000 eV
WAVECAR contains 4 k-points and 28 bands.
Saving 6 bands starting from 1 in the output
Energy cutoff in WAVECAR : 600.0
Energy cutoff reduced to : 600.0


 ---------- CRYSTAL STRUCTURE ---------- 


Cell vectors in angstroms:

      Vectors of DFT cell       |      Vectors of REF. cell      
a0 =  2.1837   0.0000   0.0000  |  a0 =  2.1837   0.0000   0.0000
a1 =  0.0000   2.1837   0.0000  |  a1 =  0.0000   2.1837   0.0000
a2 =  0.0000   0.0000  40.0000  |  a2 =  0.0000   0.0000  40.0000

Atomic positions in direct coordinates:

Atom type |   Position in DFT cell    |   Position in REF cell   
    1     |  0.0000   0.0000   0.1376 |  0.0000   0.0000   0.1376
    1     |  0.5000   0.5000   0.1000 |  0.5000   0.5000   0.1000
    1     |  0.0000   0.0000   0.0624 |  0.0000   0.0000   0.0624


 ---------- SPACE GROUP ----------- 


Space group: P4/mmm (# 123)
Number of unitary symmetries: 16 (mod. lattice translations)

The transformation from the DFT cell to the reference cell of tables is given by: 
        |   1.0000  0.0000  0.0000 |
refUC = |   0.0000  1.0000  0.0000 |    shiftUC = [0. 0. 0.]
        |   0.0000  0.0000  1.0000 |


 ### 1 

rotation : |  1   0   0 |
           |  0   1   0 |
           |  0   0   1 |


 gk = [kx, ky, kz]

spinor rot.         : | 1.000+0.000j  0.000+0.000j |
                      | 0.000+0.000j  1.000+0.000j |

translation         :  [   0.0000   0.0000   0.0000 ] 

axis: [0. 0. 1.] ; angle =  0 , inversion : False, time reversal: False

 ### 2 

rotation : | -1   0   0 |
           |  0  -1   0 |
           |  0   0  -1 |


 gk = [-kx, -ky, -kz]

spinor rot.         : | 1.000+0.000j  0.000+0.000j |
                      | 0.000+0.000j  1.000+0.000j |

translation         :  [   0.0000   0.0000   0.2000 ] 

axis: [0. 0. 1.] ; angle =  0 , inversion : True, time reversal: False

 ### 3 

rotation : |  0  -1   0 |
           |  1   0   0 |
           |  0   0   1 |


 gk = [-ky, kx, kz]

spinor rot.         : | 0.707-0.707j  0.000+0.000j |
                      | 0.000+0.000j  0.707+0.707j |

translation         :  [   0.0000   0.0000   0.0000 ] 

axis: [0. 0. 1.] ; angle = 1/2 pi, inversion : False, time reversal: False

 ### 4 

rotation : |  0   1   0 |
           | -1   0   0 |
           |  0   0  -1 |


 gk = [ky, -kx, -kz]

spinor rot.         : | 0.707-0.707j  0.000+0.000j |
                      | 0.000+0.000j  0.707+0.707j |

translation         :  [   0.0000   0.0000   0.2000 ] 

axis: [0. 0. 1.] ; angle = 1/2 pi, inversion : True, time reversal: False

 ### 5 

rotation : | -1   0   0 |
           |  0  -1   0 |
           |  0   0   1 |


 gk = [-kx, -ky, kz]

spinor rot.         : | 0.000-1.000j  0.000+0.000j |
                      | 0.000+0.000j  0.000+1.000j |

translation         :  [   0.0000   0.0000   0.0000 ] 

axis: [0. 0. 1.] ; angle = 1 pi, inversion : False, time reversal: False

 ### 6 

rotation : |  1   0   0 |
           |  0   1   0 |
           |  0   0  -1 |


 gk = [kx, ky, -kz]

spinor rot.         : | 0.000-1.000j  0.000+0.000j |
                      | 0.000+0.000j  0.000+1.000j |

translation         :  [   0.0000   0.0000   0.2000 ] 

axis: [0. 0. 1.] ; angle = 1 pi, inversion : True, time reversal: False

 ### 7 

rotation : |  0   1   0 |
           | -1   0   0 |
           |  0   0   1 |


 gk = [ky, -kx, kz]

spinor rot.         : | 0.707+0.707j  0.000+0.000j |
                      | 0.000+0.000j  0.707-0.707j |

translation         :  [   0.0000   0.0000   0.0000 ] 

axis: [0. 0. 1.] ; angle = -1/2 pi, inversion : False, time reversal: False

 ### 8 

rotation : |  0  -1   0 |
           |  1   0   0 |
           |  0   0  -1 |


 gk = [-ky, kx, -kz]

spinor rot.         : | 0.707+0.707j  0.000+0.000j |
                      | 0.000+0.000j  0.707-0.707j |

translation         :  [   0.0000   0.0000   0.2000 ] 

axis: [0. 0. 1.] ; angle = -1/2 pi, inversion : True, time reversal: False

 ### 9 

rotation : |  1   0   0 |
           |  0  -1   0 |
           |  0   0  -1 |


 gk = [kx, -ky, -kz]

spinor rot.         : | 0.000+0.000j  0.000-1.000j |
                      | 0.000-1.000j  0.000+0.000j |

translation         :  [   0.0000   0.0000   0.2000 ] 

axis: [1. 0. 0.] ; angle = 1 pi, inversion : False, time reversal: False

 ### 10 

rotation : | -1   0   0 |
           |  0   1   0 |
           |  0   0   1 |


 gk = [-kx, ky, kz]

spinor rot.         : | 0.000+0.000j  0.000-1.000j |
                      | 0.000-1.000j  0.000+0.000j |

translation         :  [   0.0000   0.0000   0.0000 ] 

axis: [1. 0. 0.] ; angle = 1 pi, inversion : True, time reversal: False

 ### 11 

rotation : |  0  -1   0 |
           | -1   0   0 |
           |  0   0  -1 |


 gk = [-ky, -kx, -kz]

spinor rot.         : |-0.000-0.000j  0.707-0.707j |
                      |-0.707-0.707j  0.000-0.000j |

translation         :  [   0.0000   0.0000   0.2000 ] 

axis: [ 0.707107 -0.707107  0.      ] ; angle = 1 pi, inversion : False, time reversal: False

 ### 12 

rotation : |  0   1   0 |
           |  1   0   0 |
           |  0   0   1 |


 gk = [ky, kx, kz]

spinor rot.         : |-0.000-0.000j -0.707+0.707j |
                      | 0.707+0.707j  0.000-0.000j |

translation         :  [   0.0000   0.0000   0.0000 ] 

axis: [-0.707107  0.707107  0.      ] ; angle = 1 pi, inversion : True, time reversal: False

 ### 13 

rotation : | -1   0   0 |
           |  0   1   0 |
           |  0   0  -1 |


 gk = [-kx, ky, -kz]

spinor rot.         : | 0.000+0.000j -1.000+0.000j |
                      | 1.000+0.000j  0.000+0.000j |

translation         :  [   0.0000   0.0000   0.2000 ] 

axis: [0. 1. 0.] ; angle = 1 pi, inversion : False, time reversal: False

 ### 14 

rotation : |  1   0   0 |
           |  0  -1   0 |
           |  0   0   1 |


 gk = [kx, -ky, kz]

spinor rot.         : | 0.000+0.000j -1.000+0.000j |
                      | 1.000+0.000j  0.000+0.000j |

translation         :  [   0.0000   0.0000   0.0000 ] 

axis: [0. 1. 0.] ; angle = 1 pi, inversion : True, time reversal: False

 ### 15 

rotation : |  0   1   0 |
           |  1   0   0 |
           |  0   0  -1 |


 gk = [ky, kx, -kz]

spinor rot.         : |-0.000+0.000j -0.707-0.707j |
                      | 0.707-0.707j  0.000+0.000j |

translation         :  [   0.0000   0.0000   0.2000 ] 

axis: [0.707107 0.707107 0.      ] ; angle = 1 pi, inversion : False, time reversal: False

 ### 16 

rotation : |  0  -1   0 |
           | -1   0   0 |
           |  0   0   1 |


 gk = [-ky, -kx, kz]

spinor rot.         : |-0.000+0.000j -0.707-0.707j |
                      | 0.707-0.707j  0.000+0.000j |

translation         :  [   0.0000   0.0000   0.0000 ] 

axis: [0.707107 0.707107 0.      ] ; angle = 1 pi, inversion : True, time reversal: False


 k-point   1 : [ 0.00000  0.00000  0.00000 ] (in DFT cell)
               [ 0.00000  0.00000  0.00000 ] (after cell trasformation)

 number of states : 6

   Energy  |   degeneracy  |  irreps  | sym. operations  
           |               |          |    1        2        3        4        5        6        7        8        9       10       11       12       13       14       15       16    
 -13.5816  |        2      |   None   |   2.0000   2.0000   1.4142   1.4142  -0.0000  -0.0000   1.4142   1.4142  -0.0000   0.0000  -0.0000  -0.0000  -0.0000   0.0000  -0.0000   0.0000
           |               |          |   2.0000   2.0000   1.4142   1.4142  -0.0000  -0.0000   1.4142   1.4142  -0.0000   0.0000  -0.0000  -0.0000  -0.0000   0.0000  -0.0000   0.0000
 -10.7148  |        2      |   None   |   2.0000  -2.0000   1.4142  -1.4142   0.0000  -0.0000   1.4142  -1.4142  -0.0000  -0.0000   0.0000   0.0000  -0.0000   0.0000  -0.0000  -0.0000
           |               |          |   2.0000  -2.0000   1.4142  -1.4142   0.0000  -0.0000   1.4142  -1.4142  -0.0000  -0.0000   0.0000   0.0000  -0.0000   0.0000  -0.0000  -0.0000
  -6.7213  |        2      |   None   |   2.0000   2.0000   1.4142   1.4142  -0.0000  -0.0000   1.4142   1.4142   0.0000   0.0000  -0.0000   0.0000  -0.0000   0.0000  -0.0000  -0.0000
           |               |          |   2.0000   2.0000   1.4142   1.4142  -0.0000  -0.0000   1.4142   1.4142   0.0000   0.0000  -0.0000   0.0000  -0.0000   0.0000  -0.0000  -0.0000

Invariant under inversion: No
Gap with upper bands:  2.224642814365395


 k-point   2 : [ 0.50000  0.00000  0.00000 ] (in DFT cell)
               [ 0.50000  0.00000  0.00000 ] (after cell trasformation)

 number of states : 6

   Energy  |   degeneracy  |  irreps  | sym. operations  
           |               |          |    1        2        5        6        9       10       13       14    
  -8.4519  |        2      |   None   |   2.0000   2.0000  -0.0000  -0.0000  -0.0000  -0.0000   0.0000   0.0000
           |               |          |   2.0000   2.0000  -0.0000  -0.0000  -0.0000  -0.0000   0.0000   0.0000
  -7.6345  |        2      |   None   |   2.0000  -2.0000   0.0000  -0.0000  -0.0000  -0.0000  -0.0000   0.0000
           |               |          |   2.0000  -2.0000   0.0000  -0.0000  -0.0000  -0.0000  -0.0000   0.0000
  -6.7591  |        2      |   None   |   2.0000   2.0000   0.0000   0.0000  -0.0000  -0.0000   0.0000   0.0000
           |               |          |   2.0000   2.0000   0.0000   0.0000  -0.0000  -0.0000   0.0000   0.0000

Invariant under inversion: No
Gap with upper bands:  5.096659939459136


 k-point   3 : [ 0.00000  0.50000  0.00000 ] (in DFT cell)
               [ 0.00000  0.50000  0.00000 ] (after cell trasformation)

 number of states : 6

   Energy  |   degeneracy  |  irreps  | sym. operations  
           |               |          |    1        2        5        6        9       10       13       14    
  -8.4519  |        2      |   None   |   2.0000   2.0000   0.0000   0.0000   0.0000  -0.0000   0.0000   0.0000
           |               |          |   2.0000   2.0000   0.0000   0.0000   0.0000  -0.0000   0.0000   0.0000
  -7.6345  |        2      |   None   |   2.0000  -2.0000   0.0000  -0.0000  -0.0000   0.0000   0.0000   0.0000
           |               |          |   2.0000  -2.0000   0.0000  -0.0000  -0.0000   0.0000   0.0000   0.0000
  -6.7591  |        2      |   None   |   2.0000   2.0000   0.0000  -0.0000  -0.0000   0.0000  -0.0000   0.0000
           |               |          |   2.0000   2.0000   0.0000  -0.0000  -0.0000   0.0000  -0.0000   0.0000

Invariant under inversion: No
Gap with upper bands:  5.096659939353803


 k-point   4 : [ 0.50000  0.50000  0.00000 ] (in DFT cell)
               [ 0.50000  0.50000  0.00000 ] (after cell trasformation)

 number of states : 6

   Energy  |   degeneracy  |  irreps  | sym. operations  
           |               |          |    1        2        3        4        5        6        7        8        9       10       11       12       13       14       15       16    
  -4.0685  |        2      |   None   |   2.0000  -2.0000  -1.4142   1.4142   0.0000   0.0000  -1.4142   1.4142  -0.0000  -0.0000   0.0000   0.0000   0.0000   0.0000   0.0000  -0.0000
           |               |          |   2.0000  -2.0000  -1.4142   1.4142   0.0000   0.0000  -1.4142   1.4142  -0.0000  -0.0000   0.0000   0.0000   0.0000   0.0000   0.0000  -0.0000
  -4.0684  |        2      |   None   |   2.0000  -2.0000   1.4142  -1.4142  -0.0000   0.0000   1.4142  -1.4142  -0.0000  -0.0000   0.0000  -0.0000  -0.0000   0.0000  -0.0000   0.0000
           |               |          |   2.0000  -2.0000   1.4142  -1.4142  -0.0000   0.0000   1.4142  -1.4142  -0.0000  -0.0000   0.0000  -0.0000  -0.0000   0.0000  -0.0000   0.0000
  -0.7462  |        2      |   None   |   2.0000   2.0000   1.4142   1.4142   0.0000   0.0000   1.4142   1.4142   0.0000  -0.0000  -0.0000   0.0000  -0.0000   0.0000  -0.0000   0.0000
           |               |          |   2.0000   2.0000   1.4142   1.4142   0.0000   0.0000   1.4142   1.4142   0.0000  -0.0000  -0.0000   0.0000  -0.0000   0.0000  -0.0000   0.0000

Invariant under inversion: No
Gap with upper bands:  0.0012819741472690493

TOTAL number of inversions-odd Kramers pairs : 0
Z2 invariant: 0
Z4 invariant: 0
Indirect gap: -3.750459651109321
Smallest direct gap in the given set of k-points: 0.0012819741472690493

-------- SEPARATING BY SYMMETRY # 2 --------

 ### 2 

rotation : | -1   0   0 |
           |  0  -1   0 |
           |  0   0  -1 |


 gk = [-kx, -ky, -kz]

spinor rot.         : | 1.000+0.000j  0.000+0.000j |
                      | 0.000+0.000j  1.000+0.000j |

translation         :  [   0.0000   0.0000   0.2000 ] 

axis: [0. 0. 1.] ; angle =  0 , inversion : True, time reversal: False
orthogonality (largest of diag. <psi_nk|psi_mk>): 0.0065308 > 1e-5   

orthogonality (largest of diag. <psi_nk|psi_mk>): 1.8358e-05 > 1e-5   

orthogonality (largest of diag. <psi_nk|psi_mk>): 1.8239e-05 > 1e-5   

orthogonality (largest of diag. <psi_nk|psi_mk>): 1.2636e-05 > 1e-5   

[((1+0j),), ((-1+0j),)]
[((1+0j),), ((-1+0j),)] [1 0]




 ################################################ 


 NEXT SUBSPACE:   sym # 2 -> eigenvalue -1.000


 k-point   1 : [ 0.00000  0.00000  0.00000 ] (in DFT cell)
               [ 0.00000  0.00000  0.00000 ] (after cell trasformation)

 number of states : 2

   Energy  |   degeneracy  |  irreps  | sym. operations  
           |               |          |    1        2        3        4        5        6        7        8        9       10       11       12       13       14       15       16    
 -10.7148  |        2      |   None   |   2.0000  -2.0000   1.4142  -1.4142   0.0000  -0.0000   1.4142  -1.4142  -0.0000   0.0000  -0.0000  -0.0000  -0.0000   0.0000  -0.0000   0.0000
           |               |          |   2.0000  -2.0000   1.4142  -1.4142   0.0000  -0.0000   1.4142  -1.4142  -0.0000   0.0000  -0.0000  -0.0000  -0.0000   0.0000  -0.0000   0.0000

Invariant under inversion: No
Gap with upper bands:  6.218199539154711


 k-point   2 : [ 0.50000  0.00000  0.00000 ] (in DFT cell)
               [ 0.50000  0.00000  0.00000 ] (after cell trasformation)

 number of states : 2

   Energy  |   degeneracy  |  irreps  | sym. operations  
           |               |          |    1        2        5        6        9       10       13       14    
  -7.6345  |        2      |   None   |   2.0000  -2.0000  -0.0000   0.0000  -0.0000   0.0000  -0.0000  -0.0000
           |               |          |   2.0000  -2.0000  -0.0000   0.0000  -0.0000   0.0000  -0.0000  -0.0000

Invariant under inversion: No
Gap with upper bands:  5.972097620361364


 k-point   3 : [ 0.00000  0.50000  0.00000 ] (in DFT cell)
               [ 0.00000  0.50000  0.00000 ] (after cell trasformation)

 number of states : 2

   Energy  |   degeneracy  |  irreps  | sym. operations  
           |               |          |    1        2        5        6        9       10       13       14    
  -7.6345  |        2      |   None   |   2.0000  -2.0000  -0.0000   0.0000   0.0000   0.0000   0.0000  -0.0000
           |               |          |   2.0000  -2.0000  -0.0000   0.0000   0.0000   0.0000   0.0000  -0.0000

Invariant under inversion: No
Gap with upper bands:  5.972097620315406


 k-point   4 : [ 0.50000  0.50000  0.00000 ] (in DFT cell)
               [ 0.50000  0.50000  0.00000 ] (after cell trasformation)

 number of states : 4

   Energy  |   degeneracy  |  irreps  | sym. operations  
           |               |          |    1        2        3        4        5        6        7        8        9       10       11       12       13       14       15       16    
  -4.0685  |        2      |   None   |   2.0000  -2.0000  -1.4142   1.4142  -0.0000   0.0000  -1.4142   1.4142  -0.0000   0.0000  -0.0000   0.0000   0.0000   0.0000  -0.0000  -0.0000
           |               |          |   2.0000  -2.0000  -1.4142   1.4142  -0.0000   0.0000  -1.4142   1.4142  -0.0000   0.0000  -0.0000   0.0000   0.0000   0.0000  -0.0000  -0.0000
  -4.0684  |        2      |   None   |   2.0000  -2.0000   1.4142  -1.4142  -0.0000   0.0000   1.4142  -1.4142  -0.0000  -0.0000   0.0000  -0.0000  -0.0000  -0.0000  -0.0000  -0.0000
           |               |          |   2.0000  -2.0000   1.4142  -1.4142  -0.0000   0.0000   1.4142  -1.4142  -0.0000  -0.0000   0.0000  -0.0000  -0.0000  -0.0000  -0.0000  -0.0000

Invariant under inversion: No
Gap with upper bands:  3.323542706217246

TOTAL number of inversions-odd Kramers pairs : 0
Z2 invariant: 0
Z4 invariant: 0
Indirect gap: -0.42819891903934426
Smallest direct gap in the given set of k-points: 3.323542706217246




 ################################################ 


 NEXT SUBSPACE:   sym # 2 -> eigenvalue +1.000


 k-point   1 : [ 0.00000  0.00000  0.00000 ] (in DFT cell)
               [ 0.00000  0.00000  0.00000 ] (after cell trasformation)

 number of states : 4

   Energy  |   degeneracy  |  irreps  | sym. operations  
           |               |          |    1        2        3        4        5        6        7        8        9       10       11       12       13       14       15       16    
 -13.5816  |        2      |   None   |   2.0000   2.0000   1.4142   1.4142   0.0000   0.0000   1.4142   1.4142  -0.0000   0.0000  -0.0000   0.0000   0.0000  -0.0000   0.0000   0.0000
           |               |          |   2.0000   2.0000   1.4142   1.4142   0.0000   0.0000   1.4142   1.4142  -0.0000   0.0000  -0.0000   0.0000   0.0000  -0.0000   0.0000   0.0000
  -6.7213  |        2      |   None   |   2.0000   2.0000   1.4142   1.4142   0.0000   0.0000   1.4142   1.4142  -0.0000  -0.0000  -0.0000   0.0000   0.0000   0.0000   0.0000  -0.0000
           |               |          |   2.0000   2.0000   1.4142   1.4142   0.0000   0.0000   1.4142   1.4142  -0.0000  -0.0000  -0.0000   0.0000   0.0000   0.0000   0.0000  -0.0000

Invariant under inversion: No
Gap with upper bands:  2.224642814365395


 k-point   2 : [ 0.50000  0.00000  0.00000 ] (in DFT cell)
               [ 0.50000  0.00000  0.00000 ] (after cell trasformation)

 number of states : 4

   Energy  |   degeneracy  |  irreps  | sym. operations  
           |               |          |    1        2        5        6        9       10       13       14    
  -8.4519  |        2      |   None   |   2.0000   2.0000   0.0000   0.0000   0.0000  -0.0000  -0.0000  -0.0000
           |               |          |   2.0000   2.0000   0.0000   0.0000   0.0000  -0.0000  -0.0000  -0.0000
  -6.7591  |        2      |   None   |   2.0000   2.0000  -0.0000  -0.0000  -0.0000  -0.0000  -0.0000  -0.0000
           |               |          |   2.0000   2.0000  -0.0000  -0.0000  -0.0000  -0.0000  -0.0000  -0.0000

Invariant under inversion: No
Gap with upper bands:  5.096659939459136


 k-point   3 : [ 0.00000  0.50000  0.00000 ] (in DFT cell)
               [ 0.00000  0.50000  0.00000 ] (after cell trasformation)

 number of states : 4

   Energy  |   degeneracy  |  irreps  | sym. operations  
           |               |          |    1        2        5        6        9       10       13       14    
  -8.4519  |        2      |   None   |   2.0000   2.0000   0.0000   0.0000   0.0000   0.0000  -0.0000  -0.0000
           |               |          |   2.0000   2.0000   0.0000   0.0000   0.0000   0.0000  -0.0000  -0.0000
  -6.7591  |        2      |   None   |   2.0000   2.0000  -0.0000  -0.0000   0.0000   0.0000  -0.0000   0.0000
           |               |          |   2.0000   2.0000  -0.0000  -0.0000   0.0000   0.0000  -0.0000   0.0000

Invariant under inversion: No
Gap with upper bands:  5.096659939353803


 k-point   4 : [ 0.50000  0.50000  0.00000 ] (in DFT cell)
               [ 0.50000  0.50000  0.00000 ] (after cell trasformation)

 number of states : 2

   Energy  |   degeneracy  |  irreps  | sym. operations  
           |               |          |    1        2        3        4        5        6        7        8        9       10       11       12       13       14       15       16    
  -0.7462  |        2      |   None   |   2.0000   2.0000   1.4142   1.4142  -0.0000  -0.0000   1.4142   1.4142   0.0000  -0.0000  -0.0000  -0.0000   0.0000  -0.0000  -0.0000  -0.0000
           |               |          |   2.0000   2.0000   1.4142   1.4142  -0.0000  -0.0000   1.4142   1.4142   0.0000  -0.0000  -0.0000  -0.0000   0.0000  -0.0000  -0.0000  -0.0000

Invariant under inversion: No
Gap with upper bands:  0.0012819741472690493

TOTAL number of inversions-odd Kramers pairs : 0
Z2 invariant: 0
Z4 invariant: 0
Indirect gap: -3.750459651109321
Smallest direct gap in the given set of k-points: 0.0012819741472690493
